// Jest Snapshot v1, https://goo.gl/fbAQLP

exports[`ResourcesPage renders at all 1`] = `
<div
  className="MuiPaper-root-2 MuiPaper-elevation2-6 MuiPaper-rounded-3 BlockPaper-root-1"
>
  <h1
    className="MuiTypography-root-29 MuiTypography-headline-34 MuiTypography-gutterBottom-56"
  >
    Resources
  </h1>
  <a
    className="MuiTypography-root-29 MuiTypography-body1-38 MuiTypography-paragraph-57"
    href="https://www.reddit.com/r/exalted/comments/4yby39/madletters_charm_cascades_version_3_including/"
  >
    Solar / Martial Arts Charm Cascades and other resources by MadLetter (Reddit)
  </a>
  <a
    className="MuiTypography-root-29 MuiTypography-body1-38 MuiTypography-paragraph-57"
    href="https://www.reddit.com/r/exalted/comments/8barde/madletters_dragonblooded_cascades/"
  >
    Dragon-Blooded Charm Cascades by MadLetter (Reddit)
  </a>
  <a
    className="MuiTypography-root-29 MuiTypography-body1-38 MuiTypography-paragraph-57"
    href="http://forum.theonyxpath.com/forum/main-category/exalted/766048-ex3-i-made-a-1-page-combat-flowchart"
  >
    Combat flowchart by GivenFlesh (OPP Forums)
  </a>
  <a
    className="MuiTypography-root-29 MuiTypography-body1-38 MuiTypography-paragraph-57"
    href="http://forum.theonyxpath.com/forum/main-category/exalted/1180122-ex3-social-system-cheat-sheet-and-flowchart"
  >
    Social system cheat sheet by Redthorn (OPP Forums)
  </a>
  <a
    className="MuiTypography-root-29 MuiTypography-body1-38 MuiTypography-paragraph-57"
    href="http://forum.theonyxpath.com/forum/main-category/exalted/65025-exalted-3rd-edition-useful-links-and-topics"
  >
    "Useful Links" thread on the official Exalted forums
  </a>
</div>
`;
