// Jest Snapshot v1, https://goo.gl/fbAQLP

exports[`HealthLevelBoxes renders at all 1`] = `
<div
  className="healthLevelBoxes"
>
  <div
    className="EpvNP"
  >
    <div
      className="jLnisz"
    >
      ◼
    </div>
    <div
      className="jWYlqD"
    >
      0
    </div>
  </div>
  <div
    className="EpvNP"
  >
    <div
      className="gmQRuy"
    >
      ◩
    </div>
    <div
      className="jWYlqD"
    >
      -1
    </div>
  </div>
  <div
    className="EpvNP"
  >
    <div
      className="gljLJl"
    >
      ◫
    </div>
    <div
      className="jWYlqD"
    >
      -1
    </div>
  </div>
  <div
    className="EpvNP"
  >
    <div
      className="cUrFZt"
    >
      ◻
    </div>
    <div
      className="jWYlqD"
    >
      -2
    </div>
  </div>
  <div
    className="EpvNP"
  >
    <div
      className="cUrFZt"
    >
      ◻
    </div>
    <div
      className="jWYlqD"
    >
      -2
    </div>
  </div>
  <div
    className="EpvNP"
  >
    <div
      className="cUrFZt"
    >
      ◻
    </div>
    <div
      className="jWYlqD"
    >
      -4
    </div>
  </div>
  <div
    className="EpvNP"
  >
    <div
      className="cUrFZt"
    >
      ◻
    </div>
    <div
      className="jWYlqD"
    >
      in
    </div>
  </div>
</div>
`;
