// Jest Snapshot v1, https://goo.gl/fbAQLP

exports[`HealthLevelBoxes renders at all 1`] = `
<div
  className="healthLevelBoxes"
>
  <div
    className="sc-ifAKCX bUkNeg"
  >
    <div
      className="sc-bxivhb jjDCoK sc-bdVaJa fmVsgK"
    >
      ◼
    </div>
    <div
      className="sc-EHOje kLDnfe"
    >
      0
    </div>
  </div>
  <div
    className="sc-ifAKCX bUkNeg"
  >
    <div
      className="sc-htpNat gqjEYj sc-bdVaJa fmVsgK"
    >
      ◩
    </div>
    <div
      className="sc-EHOje kLDnfe"
    >
      -1
    </div>
  </div>
  <div
    className="sc-ifAKCX bUkNeg"
  >
    <div
      className="sc-bwzfXH jVnPlJ sc-bdVaJa fmVsgK"
    >
      ◫
    </div>
    <div
      className="sc-EHOje kLDnfe"
    >
      -1
    </div>
  </div>
  <div
    className="sc-ifAKCX bUkNeg"
  >
    <div
      className="sc-bdVaJa fmVsgK"
    >
      ◻
    </div>
    <div
      className="sc-EHOje kLDnfe"
    >
      -2
    </div>
  </div>
  <div
    className="sc-ifAKCX bUkNeg"
  >
    <div
      className="sc-bdVaJa fmVsgK"
    >
      ◻
    </div>
    <div
      className="sc-EHOje kLDnfe"
    >
      -2
    </div>
  </div>
  <div
    className="sc-ifAKCX bUkNeg"
  >
    <div
      className="sc-bdVaJa fmVsgK"
    >
      ◻
    </div>
    <div
      className="sc-EHOje kLDnfe"
    >
      -4
    </div>
  </div>
  <div
    className="sc-ifAKCX bUkNeg"
  >
    <div
      className="sc-bdVaJa fmVsgK"
    >
      ◻
    </div>
    <div
      className="sc-EHOje kLDnfe"
    >
      in
    </div>
  </div>
</div>
`;
