// Jest Snapshot v1, https://goo.gl/fbAQLP

exports[`RatingDots renders at all 1`] = `
<div
  className="sc-bdVaJa ikDpDj"
>
  <div
    className="sc-bxivhb gwefrW sc-bwzfXH jjwuFK"
  >
    ●
  </div>
  <div
    className="sc-bxivhb gwefrW sc-bwzfXH jjwuFK"
  >
    ●
  </div>
  <div
    className="sc-bxivhb gwefrW sc-bwzfXH jjwuFK"
  >
    ●
  </div>
  <div
    className="sc-htpNat KtFsv sc-bwzfXH jjwuFK"
  >
    ○
  </div>
  <div
    className="sc-htpNat KtFsv sc-bwzfXH jjwuFK"
  >
    ○
  </div>
</div>
`;
