// Jest Snapshot v1, https://goo.gl/fbAQLP

exports[`HealthLevelBoxes renders at all 1`] = `
<div>
  <div
    className="HealthLevelBoxes-boxWrap-1"
  >
    <div
      className="HealthLevelBoxes-healthLevelBox-2"
    >
       
    </div>
    <div
      className="HealthLevelBoxes-healthLevelLabel-3"
    >
      0
    </div>
  </div>
  <div
    className="HealthLevelBoxes-boxWrap-1"
  >
    <div
      className="HealthLevelBoxes-healthLevelBox-2"
    >
       
    </div>
    <div
      className="HealthLevelBoxes-healthLevelLabel-3"
    >
      -1
    </div>
  </div>
  <div
    className="HealthLevelBoxes-boxWrap-1"
  >
    <div
      className="HealthLevelBoxes-healthLevelBox-2"
    >
       
    </div>
    <div
      className="HealthLevelBoxes-healthLevelLabel-3"
    >
      -1
    </div>
  </div>
  <div
    className="HealthLevelBoxes-boxWrap-1"
  >
    <div
      className="HealthLevelBoxes-healthLevelBox-2"
    >
       
    </div>
    <div
      className="HealthLevelBoxes-healthLevelLabel-3"
    >
      -2
    </div>
  </div>
  <div
    className="HealthLevelBoxes-boxWrap-1"
  >
    <div
      className="HealthLevelBoxes-healthLevelBox-2"
    >
       
    </div>
    <div
      className="HealthLevelBoxes-healthLevelLabel-3"
    >
      -2
    </div>
  </div>
  <div
    className="HealthLevelBoxes-boxWrap-1"
  >
    <div
      className="HealthLevelBoxes-healthLevelBox-2"
    >
       
    </div>
    <div
      className="HealthLevelBoxes-healthLevelLabel-3"
    >
      -4
    </div>
  </div>
  <div
    className="HealthLevelBoxes-boxWrap-1"
  >
    <div
      className="HealthLevelBoxes-healthLevelBox-2"
    >
       
    </div>
    <div
      className="HealthLevelBoxes-healthLevelLabel-3"
    >
      in
    </div>
  </div>
</div>
`;
