// Jest Snapshot v1, https://goo.gl/fbAQLP

exports[`PoolDisplay renders all pools correctly for Solars 1`] = `
<div>
  <div
    className="PoolDisplay-root-1"
    onClick={[Function]}
  >
    <div
      className="PoolDisplay-label-2"
    >
      <span
        className="PoolDisplay-labelSpan-3"
      />
    </div>
    <div>
      <span
        className="PoolDisplay-pool-4"
      />
    </div>
  </div>
  <div
    className="PoolDisplay-root-1"
    onClick={[Function]}
  >
    <div
      className="PoolDisplay-label-2"
    >
      <span
        className="PoolDisplay-labelSpan-3"
      />
    </div>
    <div>
      <span
        className="PoolDisplay-pool-4"
      />
    </div>
  </div>
  <div
    className="PoolDisplay-root-1"
    onClick={[Function]}
  >
    <div
      className="PoolDisplay-label-2"
    >
      <span
        className="PoolDisplay-labelSpan-3"
      />
    </div>
    <div>
      <span
        className="PoolDisplay-pool-4"
      />
    </div>
  </div>
  <div
    className="PoolDisplay-root-1"
    onClick={[Function]}
  >
    <div
      className="PoolDisplay-label-2"
    >
      <span
        className="PoolDisplay-labelSpan-3"
      />
    </div>
    <div>
      <span
        className="PoolDisplay-pool-4"
      />
    </div>
  </div>
  <div
    className="PoolDisplay-root-1"
    onClick={[Function]}
  >
    <div
      className="PoolDisplay-label-2"
    >
      <span
        className="PoolDisplay-labelSpan-3"
      />
    </div>
    <div>
      <span
        className="PoolDisplay-pool-4"
      />
    </div>
  </div>
  <div
    className="PoolDisplay-root-1"
    onClick={[Function]}
  >
    <div
      className="PoolDisplay-label-2"
    >
      <span
        className="PoolDisplay-labelSpan-3"
      />
    </div>
    <div>
      <span
        className="PoolDisplay-pool-4"
      />
    </div>
  </div>
  <div
    className="PoolDisplay-root-1"
    onClick={[Function]}
  >
    <div
      className="PoolDisplay-label-2"
    >
      <span
        className="PoolDisplay-labelSpan-3"
      />
    </div>
    <div>
      <span
        className="PoolDisplay-pool-4"
      />
    </div>
  </div>
  <div
    className="PoolDisplay-root-1"
    onClick={[Function]}
  >
    <div
      className="PoolDisplay-label-2"
    >
      <span
        className="PoolDisplay-labelSpan-3"
      />
    </div>
    <div>
      <span
        className="PoolDisplay-pool-4"
      />
    </div>
  </div>
  <div
    className="PoolDisplay-root-1"
    onClick={[Function]}
  >
    <div
      className="PoolDisplay-label-2"
    >
      <span
        className="PoolDisplay-labelSpan-3"
      />
    </div>
    <div>
      <span
        className="PoolDisplay-pool-4"
      />
    </div>
  </div>
  <div
    className="PoolDisplay-root-1"
    onClick={[Function]}
  >
    <div
      className="PoolDisplay-label-2"
    >
      <span
        className="PoolDisplay-labelSpan-3"
      />
    </div>
    <div>
      <span
        className="PoolDisplay-pool-4"
      />
    </div>
  </div>
  <div
    className="PoolDisplay-root-1"
    onClick={[Function]}
  >
    <div
      className="PoolDisplay-label-2"
    >
      <span
        className="PoolDisplay-labelSpan-3"
      />
    </div>
    <div>
      <span
        className="PoolDisplay-pool-4"
      />
    </div>
  </div>
  <div
    className="PoolDisplay-root-1"
    onClick={[Function]}
  >
    <div
      className="PoolDisplay-label-2"
    >
      <span
        className="PoolDisplay-labelSpan-3"
      />
    </div>
    <div>
      <span
        className="PoolDisplay-pool-4"
      />
    </div>
  </div>
  <div
    className="PoolDisplay-root-1"
    onClick={[Function]}
  >
    <div
      className="PoolDisplay-label-2"
    >
      <span
        className="PoolDisplay-labelSpan-3"
      />
    </div>
    <div>
      <span
        className="PoolDisplay-pool-4"
      />
    </div>
  </div>
  <div
    className="PoolDisplay-root-1"
    onClick={[Function]}
  >
    <div
      className="PoolDisplay-label-2"
    >
      <span
        className="PoolDisplay-labelSpan-3"
      />
    </div>
    <div>
      <span
        className="PoolDisplay-pool-4"
      />
    </div>
  </div>
  <div
    className="PoolDisplay-root-1"
    onClick={[Function]}
  >
    <div
      className="PoolDisplay-label-2"
    >
      <span
        className="PoolDisplay-labelSpan-3"
      />
    </div>
    <div>
      <span
        className="PoolDisplay-pool-4"
      />
    </div>
  </div>
  <div
    className="PoolDisplay-root-1"
    onClick={[Function]}
  >
    <div
      className="PoolDisplay-label-2"
    >
      <span
        className="PoolDisplay-labelSpan-3"
      />
    </div>
    <div>
      <span
        className="PoolDisplay-pool-4"
      />
    </div>
  </div>
  <div
    className="PoolDisplay-root-1"
    onClick={[Function]}
  >
    <div
      className="PoolDisplay-label-2"
    >
      <span
        className="PoolDisplay-labelSpan-3"
      />
    </div>
    <div>
      <span
        className="PoolDisplay-pool-4"
      />
    </div>
  </div>
  <div
    className="PoolDisplay-root-1"
    onClick={[Function]}
  >
    <div
      className="PoolDisplay-label-2"
    >
      <span
        className="PoolDisplay-labelSpan-3"
      />
    </div>
    <div>
      <span
        className="PoolDisplay-pool-4"
      />
    </div>
  </div>
</div>
`;

exports[`PoolDisplay renders all pools correctly for Solars 2`] = `
<div>
  <div
    className="PoolDisplay-root-1"
    onClick={[Function]}
  >
    <div
      className="PoolDisplay-label-2"
    >
      <span
        className="PoolDisplay-labelSpan-3"
      />
    </div>
    <div>
      <span
        className="PoolDisplay-pool-4"
      />
    </div>
  </div>
  <div
    className="PoolDisplay-root-1"
    onClick={[Function]}
  >
    <div
      className="PoolDisplay-label-2"
    >
      <span
        className="PoolDisplay-labelSpan-3"
      />
    </div>
    <div>
      <span
        className="PoolDisplay-pool-4"
      />
    </div>
  </div>
  <div
    className="PoolDisplay-root-1"
    onClick={[Function]}
  >
    <div
      className="PoolDisplay-label-2"
    >
      <span
        className="PoolDisplay-labelSpan-3"
      />
    </div>
    <div>
      <span
        className="PoolDisplay-pool-4"
      />
    </div>
  </div>
  <div
    className="PoolDisplay-root-1"
    onClick={[Function]}
  >
    <div
      className="PoolDisplay-label-2"
    >
      <span
        className="PoolDisplay-labelSpan-3"
      />
    </div>
    <div>
      <span
        className="PoolDisplay-pool-4"
      />
    </div>
  </div>
  <div
    className="PoolDisplay-root-1"
    onClick={[Function]}
  >
    <div
      className="PoolDisplay-label-2"
    >
      <span
        className="PoolDisplay-labelSpan-3"
      />
    </div>
    <div>
      <span
        className="PoolDisplay-pool-4"
      />
    </div>
  </div>
  <div
    className="PoolDisplay-root-1"
    onClick={[Function]}
  >
    <div
      className="PoolDisplay-label-2"
    >
      <span
        className="PoolDisplay-labelSpan-3"
      />
    </div>
    <div>
      <span
        className="PoolDisplay-pool-4"
      />
    </div>
  </div>
  <div
    className="PoolDisplay-root-1"
    onClick={[Function]}
  >
    <div
      className="PoolDisplay-label-2"
    >
      <span
        className="PoolDisplay-labelSpan-3"
      />
    </div>
    <div>
      <span
        className="PoolDisplay-pool-4"
      />
    </div>
  </div>
  <div
    className="PoolDisplay-root-1"
    onClick={[Function]}
  >
    <div
      className="PoolDisplay-label-2"
    >
      <span
        className="PoolDisplay-labelSpan-3"
      />
    </div>
    <div>
      <span
        className="PoolDisplay-pool-4"
      />
    </div>
  </div>
  <div
    className="PoolDisplay-root-1"
    onClick={[Function]}
  >
    <div
      className="PoolDisplay-label-2"
    >
      <span
        className="PoolDisplay-labelSpan-3"
      />
    </div>
    <div>
      <span
        className="PoolDisplay-pool-4"
      />
    </div>
  </div>
  <div
    className="PoolDisplay-root-1"
    onClick={[Function]}
  >
    <div
      className="PoolDisplay-label-2"
    >
      <span
        className="PoolDisplay-labelSpan-3"
      />
    </div>
    <div>
      <span
        className="PoolDisplay-pool-4"
      />
    </div>
  </div>
  <div
    className="PoolDisplay-root-1"
    onClick={[Function]}
  >
    <div
      className="PoolDisplay-label-2"
    >
      <span
        className="PoolDisplay-labelSpan-3"
      />
    </div>
    <div>
      <span
        className="PoolDisplay-pool-4"
      />
    </div>
  </div>
  <div
    className="PoolDisplay-root-1"
    onClick={[Function]}
  >
    <div
      className="PoolDisplay-label-2"
    >
      <span
        className="PoolDisplay-labelSpan-3"
      />
    </div>
    <div>
      <span
        className="PoolDisplay-pool-4"
      />
    </div>
  </div>
  <div
    className="PoolDisplay-root-1"
    onClick={[Function]}
  >
    <div
      className="PoolDisplay-label-2"
    >
      <span
        className="PoolDisplay-labelSpan-3"
      />
    </div>
    <div>
      <span
        className="PoolDisplay-pool-4"
      />
    </div>
  </div>
  <div
    className="PoolDisplay-root-1"
    onClick={[Function]}
  >
    <div
      className="PoolDisplay-label-2"
    >
      <span
        className="PoolDisplay-labelSpan-3"
      />
    </div>
    <div>
      <span
        className="PoolDisplay-pool-4"
      />
    </div>
  </div>
  <div
    className="PoolDisplay-root-1"
    onClick={[Function]}
  >
    <div
      className="PoolDisplay-label-2"
    >
      <span
        className="PoolDisplay-labelSpan-3"
      />
    </div>
    <div>
      <span
        className="PoolDisplay-pool-4"
      />
    </div>
  </div>
  <div
    className="PoolDisplay-root-1"
    onClick={[Function]}
  >
    <div
      className="PoolDisplay-label-2"
    >
      <span
        className="PoolDisplay-labelSpan-3"
      />
    </div>
    <div>
      <span
        className="PoolDisplay-pool-4"
      />
    </div>
  </div>
  <div
    className="PoolDisplay-root-1"
    onClick={[Function]}
  >
    <div
      className="PoolDisplay-label-2"
    >
      <span
        className="PoolDisplay-labelSpan-3"
      />
    </div>
    <div>
      <span
        className="PoolDisplay-pool-4"
      />
    </div>
  </div>
  <div
    className="PoolDisplay-root-1"
    onClick={[Function]}
  >
    <div
      className="PoolDisplay-label-2"
    >
      <span
        className="PoolDisplay-labelSpan-3"
      />
    </div>
    <div>
      <span
        className="PoolDisplay-pool-4"
      />
    </div>
  </div>
</div>
`;

exports[`PoolDisplay renders all pools correctly for Solars 3`] = `
<div>
  <div
    className="PoolDisplay-root-1"
    onClick={[Function]}
  >
    <div
      className="PoolDisplay-label-2"
    >
      <span
        className="PoolDisplay-labelSpan-3"
      />
    </div>
    <div>
      <span
        className="PoolDisplay-pool-4"
      />
    </div>
  </div>
  <div
    className="PoolDisplay-root-1"
    onClick={[Function]}
  >
    <div
      className="PoolDisplay-label-2"
    >
      <span
        className="PoolDisplay-labelSpan-3"
      />
    </div>
    <div>
      <span
        className="PoolDisplay-pool-4"
      />
    </div>
  </div>
  <div
    className="PoolDisplay-root-1"
    onClick={[Function]}
  >
    <div
      className="PoolDisplay-label-2"
    >
      <span
        className="PoolDisplay-labelSpan-3"
      />
    </div>
    <div>
      <span
        className="PoolDisplay-pool-4"
      />
    </div>
  </div>
  <div
    className="PoolDisplay-root-1"
    onClick={[Function]}
  >
    <div
      className="PoolDisplay-label-2"
    >
      <span
        className="PoolDisplay-labelSpan-3"
      />
    </div>
    <div>
      <span
        className="PoolDisplay-pool-4"
      />
    </div>
  </div>
  <div
    className="PoolDisplay-root-1"
    onClick={[Function]}
  >
    <div
      className="PoolDisplay-label-2"
    >
      <span
        className="PoolDisplay-labelSpan-3"
      />
    </div>
    <div>
      <span
        className="PoolDisplay-pool-4"
      />
    </div>
  </div>
  <div
    className="PoolDisplay-root-1"
    onClick={[Function]}
  >
    <div
      className="PoolDisplay-label-2"
    >
      <span
        className="PoolDisplay-labelSpan-3"
      />
    </div>
    <div>
      <span
        className="PoolDisplay-pool-4"
      />
    </div>
  </div>
  <div
    className="PoolDisplay-root-1"
    onClick={[Function]}
  >
    <div
      className="PoolDisplay-label-2"
    >
      <span
        className="PoolDisplay-labelSpan-3"
      />
    </div>
    <div>
      <span
        className="PoolDisplay-pool-4"
      />
    </div>
  </div>
  <div
    className="PoolDisplay-root-1"
    onClick={[Function]}
  >
    <div
      className="PoolDisplay-label-2"
    >
      <span
        className="PoolDisplay-labelSpan-3"
      />
    </div>
    <div>
      <span
        className="PoolDisplay-pool-4"
      />
    </div>
  </div>
  <div
    className="PoolDisplay-root-1"
    onClick={[Function]}
  >
    <div
      className="PoolDisplay-label-2"
    >
      <span
        className="PoolDisplay-labelSpan-3"
      />
    </div>
    <div>
      <span
        className="PoolDisplay-pool-4"
      />
    </div>
  </div>
  <div
    className="PoolDisplay-root-1"
    onClick={[Function]}
  >
    <div
      className="PoolDisplay-label-2"
    >
      <span
        className="PoolDisplay-labelSpan-3"
      />
    </div>
    <div>
      <span
        className="PoolDisplay-pool-4"
      />
    </div>
  </div>
  <div
    className="PoolDisplay-root-1"
    onClick={[Function]}
  >
    <div
      className="PoolDisplay-label-2"
    >
      <span
        className="PoolDisplay-labelSpan-3"
      />
    </div>
    <div>
      <span
        className="PoolDisplay-pool-4"
      />
    </div>
  </div>
  <div
    className="PoolDisplay-root-1"
    onClick={[Function]}
  >
    <div
      className="PoolDisplay-label-2"
    >
      <span
        className="PoolDisplay-labelSpan-3"
      />
    </div>
    <div>
      <span
        className="PoolDisplay-pool-4"
      />
    </div>
  </div>
  <div
    className="PoolDisplay-root-1"
    onClick={[Function]}
  >
    <div
      className="PoolDisplay-label-2"
    >
      <span
        className="PoolDisplay-labelSpan-3"
      />
    </div>
    <div>
      <span
        className="PoolDisplay-pool-4"
      />
    </div>
  </div>
  <div
    className="PoolDisplay-root-1"
    onClick={[Function]}
  >
    <div
      className="PoolDisplay-label-2"
    >
      <span
        className="PoolDisplay-labelSpan-3"
      />
    </div>
    <div>
      <span
        className="PoolDisplay-pool-4"
      />
    </div>
  </div>
  <div
    className="PoolDisplay-root-1"
    onClick={[Function]}
  >
    <div
      className="PoolDisplay-label-2"
    >
      <span
        className="PoolDisplay-labelSpan-3"
      />
    </div>
    <div>
      <span
        className="PoolDisplay-pool-4"
      />
    </div>
  </div>
  <div
    className="PoolDisplay-root-1"
    onClick={[Function]}
  >
    <div
      className="PoolDisplay-label-2"
    >
      <span
        className="PoolDisplay-labelSpan-3"
      />
    </div>
    <div>
      <span
        className="PoolDisplay-pool-4"
      />
    </div>
  </div>
  <div
    className="PoolDisplay-root-1"
    onClick={[Function]}
  >
    <div
      className="PoolDisplay-label-2"
    >
      <span
        className="PoolDisplay-labelSpan-3"
      />
    </div>
    <div>
      <span
        className="PoolDisplay-pool-4"
      />
    </div>
  </div>
  <div
    className="PoolDisplay-root-1"
    onClick={[Function]}
  >
    <div
      className="PoolDisplay-label-2"
    >
      <span
        className="PoolDisplay-labelSpan-3"
      />
    </div>
    <div>
      <span
        className="PoolDisplay-pool-4"
      />
    </div>
  </div>
</div>
`;

exports[`PoolDisplay renders all pools correctly for Solars 4`] = `
<div>
  <div
    className="PoolDisplay-root-1"
    onClick={[Function]}
  >
    <div
      className="PoolDisplay-label-2"
    >
      <span
        className="PoolDisplay-labelSpan-3"
      />
    </div>
    <div>
      <span
        className="PoolDisplay-pool-4"
      />
    </div>
  </div>
  <div
    className="PoolDisplay-root-1"
    onClick={[Function]}
  >
    <div
      className="PoolDisplay-label-2"
    >
      <span
        className="PoolDisplay-labelSpan-3"
      />
    </div>
    <div>
      <span
        className="PoolDisplay-pool-4"
      />
    </div>
  </div>
  <div
    className="PoolDisplay-root-1"
    onClick={[Function]}
  >
    <div
      className="PoolDisplay-label-2"
    >
      <span
        className="PoolDisplay-labelSpan-3"
      />
    </div>
    <div>
      <span
        className="PoolDisplay-pool-4"
      />
    </div>
  </div>
  <div
    className="PoolDisplay-root-1"
    onClick={[Function]}
  >
    <div
      className="PoolDisplay-label-2"
    >
      <span
        className="PoolDisplay-labelSpan-3"
      />
    </div>
    <div>
      <span
        className="PoolDisplay-pool-4"
      />
    </div>
  </div>
  <div
    className="PoolDisplay-root-1"
    onClick={[Function]}
  >
    <div
      className="PoolDisplay-label-2"
    >
      <span
        className="PoolDisplay-labelSpan-3"
      />
    </div>
    <div>
      <span
        className="PoolDisplay-pool-4"
      />
    </div>
  </div>
  <div
    className="PoolDisplay-root-1"
    onClick={[Function]}
  >
    <div
      className="PoolDisplay-label-2"
    >
      <span
        className="PoolDisplay-labelSpan-3"
      />
    </div>
    <div>
      <span
        className="PoolDisplay-pool-4"
      />
    </div>
  </div>
  <div
    className="PoolDisplay-root-1"
    onClick={[Function]}
  >
    <div
      className="PoolDisplay-label-2"
    >
      <span
        className="PoolDisplay-labelSpan-3"
      />
    </div>
    <div>
      <span
        className="PoolDisplay-pool-4"
      />
    </div>
  </div>
  <div
    className="PoolDisplay-root-1"
    onClick={[Function]}
  >
    <div
      className="PoolDisplay-label-2"
    >
      <span
        className="PoolDisplay-labelSpan-3"
      />
    </div>
    <div>
      <span
        className="PoolDisplay-pool-4"
      />
    </div>
  </div>
  <div
    className="PoolDisplay-root-1"
    onClick={[Function]}
  >
    <div
      className="PoolDisplay-label-2"
    >
      <span
        className="PoolDisplay-labelSpan-3"
      />
    </div>
    <div>
      <span
        className="PoolDisplay-pool-4"
      />
    </div>
  </div>
  <div
    className="PoolDisplay-root-1"
    onClick={[Function]}
  >
    <div
      className="PoolDisplay-label-2"
    >
      <span
        className="PoolDisplay-labelSpan-3"
      />
    </div>
    <div>
      <span
        className="PoolDisplay-pool-4"
      />
    </div>
  </div>
  <div
    className="PoolDisplay-root-1"
    onClick={[Function]}
  >
    <div
      className="PoolDisplay-label-2"
    >
      <span
        className="PoolDisplay-labelSpan-3"
      />
    </div>
    <div>
      <span
        className="PoolDisplay-pool-4"
      />
    </div>
  </div>
  <div
    className="PoolDisplay-root-1"
    onClick={[Function]}
  >
    <div
      className="PoolDisplay-label-2"
    >
      <span
        className="PoolDisplay-labelSpan-3"
      />
    </div>
    <div>
      <span
        className="PoolDisplay-pool-4"
      />
    </div>
  </div>
  <div
    className="PoolDisplay-root-1"
    onClick={[Function]}
  >
    <div
      className="PoolDisplay-label-2"
    >
      <span
        className="PoolDisplay-labelSpan-3"
      />
    </div>
    <div>
      <span
        className="PoolDisplay-pool-4"
      />
    </div>
  </div>
  <div
    className="PoolDisplay-root-1"
    onClick={[Function]}
  >
    <div
      className="PoolDisplay-label-2"
    >
      <span
        className="PoolDisplay-labelSpan-3"
      />
    </div>
    <div>
      <span
        className="PoolDisplay-pool-4"
      />
    </div>
  </div>
  <div
    className="PoolDisplay-root-1"
    onClick={[Function]}
  >
    <div
      className="PoolDisplay-label-2"
    >
      <span
        className="PoolDisplay-labelSpan-3"
      />
    </div>
    <div>
      <span
        className="PoolDisplay-pool-4"
      />
    </div>
  </div>
  <div
    className="PoolDisplay-root-1"
    onClick={[Function]}
  >
    <div
      className="PoolDisplay-label-2"
    >
      <span
        className="PoolDisplay-labelSpan-3"
      />
    </div>
    <div>
      <span
        className="PoolDisplay-pool-4"
      />
    </div>
  </div>
  <div
    className="PoolDisplay-root-1"
    onClick={[Function]}
  >
    <div
      className="PoolDisplay-label-2"
    >
      <span
        className="PoolDisplay-labelSpan-3"
      />
    </div>
    <div>
      <span
        className="PoolDisplay-pool-4"
      />
    </div>
  </div>
  <div
    className="PoolDisplay-root-1"
    onClick={[Function]}
  >
    <div
      className="PoolDisplay-label-2"
    >
      <span
        className="PoolDisplay-labelSpan-3"
      />
    </div>
    <div>
      <span
        className="PoolDisplay-pool-4"
      />
    </div>
  </div>
</div>
`;

exports[`PoolDisplay renders all pools correctly for Solars 5`] = `
<div>
  <div
    className="PoolDisplay-root-1"
    onClick={[Function]}
  >
    <div
      className="PoolDisplay-label-2"
    >
      <span
        className="PoolDisplay-labelSpan-3"
      />
    </div>
    <div>
      <span
        className="PoolDisplay-pool-4"
      />
    </div>
  </div>
  <div
    className="PoolDisplay-root-1"
    onClick={[Function]}
  >
    <div
      className="PoolDisplay-label-2"
    >
      <span
        className="PoolDisplay-labelSpan-3"
      />
    </div>
    <div>
      <span
        className="PoolDisplay-pool-4"
      />
    </div>
  </div>
  <div
    className="PoolDisplay-root-1"
    onClick={[Function]}
  >
    <div
      className="PoolDisplay-label-2"
    >
      <span
        className="PoolDisplay-labelSpan-3"
      />
    </div>
    <div>
      <span
        className="PoolDisplay-pool-4"
      />
    </div>
  </div>
  <div
    className="PoolDisplay-root-1"
    onClick={[Function]}
  >
    <div
      className="PoolDisplay-label-2"
    >
      <span
        className="PoolDisplay-labelSpan-3"
      />
    </div>
    <div>
      <span
        className="PoolDisplay-pool-4"
      />
    </div>
  </div>
  <div
    className="PoolDisplay-root-1"
    onClick={[Function]}
  >
    <div
      className="PoolDisplay-label-2"
    >
      <span
        className="PoolDisplay-labelSpan-3"
      />
    </div>
    <div>
      <span
        className="PoolDisplay-pool-4"
      />
    </div>
  </div>
  <div
    className="PoolDisplay-root-1"
    onClick={[Function]}
  >
    <div
      className="PoolDisplay-label-2"
    >
      <span
        className="PoolDisplay-labelSpan-3"
      />
    </div>
    <div>
      <span
        className="PoolDisplay-pool-4"
      />
    </div>
  </div>
  <div
    className="PoolDisplay-root-1"
    onClick={[Function]}
  >
    <div
      className="PoolDisplay-label-2"
    >
      <span
        className="PoolDisplay-labelSpan-3"
      />
    </div>
    <div>
      <span
        className="PoolDisplay-pool-4"
      />
    </div>
  </div>
  <div
    className="PoolDisplay-root-1"
    onClick={[Function]}
  >
    <div
      className="PoolDisplay-label-2"
    >
      <span
        className="PoolDisplay-labelSpan-3"
      />
    </div>
    <div>
      <span
        className="PoolDisplay-pool-4"
      />
    </div>
  </div>
  <div
    className="PoolDisplay-root-1"
    onClick={[Function]}
  >
    <div
      className="PoolDisplay-label-2"
    >
      <span
        className="PoolDisplay-labelSpan-3"
      />
    </div>
    <div>
      <span
        className="PoolDisplay-pool-4"
      />
    </div>
  </div>
  <div
    className="PoolDisplay-root-1"
    onClick={[Function]}
  >
    <div
      className="PoolDisplay-label-2"
    >
      <span
        className="PoolDisplay-labelSpan-3"
      />
    </div>
    <div>
      <span
        className="PoolDisplay-pool-4"
      />
    </div>
  </div>
  <div
    className="PoolDisplay-root-1"
    onClick={[Function]}
  >
    <div
      className="PoolDisplay-label-2"
    >
      <span
        className="PoolDisplay-labelSpan-3"
      />
    </div>
    <div>
      <span
        className="PoolDisplay-pool-4"
      />
    </div>
  </div>
  <div
    className="PoolDisplay-root-1"
    onClick={[Function]}
  >
    <div
      className="PoolDisplay-label-2"
    >
      <span
        className="PoolDisplay-labelSpan-3"
      />
    </div>
    <div>
      <span
        className="PoolDisplay-pool-4"
      />
    </div>
  </div>
  <div
    className="PoolDisplay-root-1"
    onClick={[Function]}
  >
    <div
      className="PoolDisplay-label-2"
    >
      <span
        className="PoolDisplay-labelSpan-3"
      />
    </div>
    <div>
      <span
        className="PoolDisplay-pool-4"
      />
    </div>
  </div>
  <div
    className="PoolDisplay-root-1"
    onClick={[Function]}
  >
    <div
      className="PoolDisplay-label-2"
    >
      <span
        className="PoolDisplay-labelSpan-3"
      />
    </div>
    <div>
      <span
        className="PoolDisplay-pool-4"
      />
    </div>
  </div>
  <div
    className="PoolDisplay-root-1"
    onClick={[Function]}
  >
    <div
      className="PoolDisplay-label-2"
    >
      <span
        className="PoolDisplay-labelSpan-3"
      />
    </div>
    <div>
      <span
        className="PoolDisplay-pool-4"
      />
    </div>
  </div>
  <div
    className="PoolDisplay-root-1"
    onClick={[Function]}
  >
    <div
      className="PoolDisplay-label-2"
    >
      <span
        className="PoolDisplay-labelSpan-3"
      />
    </div>
    <div>
      <span
        className="PoolDisplay-pool-4"
      />
    </div>
  </div>
  <div
    className="PoolDisplay-root-1"
    onClick={[Function]}
  >
    <div
      className="PoolDisplay-label-2"
    >
      <span
        className="PoolDisplay-labelSpan-3"
      />
    </div>
    <div>
      <span
        className="PoolDisplay-pool-4"
      />
    </div>
  </div>
  <div
    className="PoolDisplay-root-1"
    onClick={[Function]}
  >
    <div
      className="PoolDisplay-label-2"
    >
      <span
        className="PoolDisplay-labelSpan-3"
      />
    </div>
    <div>
      <span
        className="PoolDisplay-pool-4"
      />
    </div>
  </div>
</div>
`;
