// Jest Snapshot v1, https://goo.gl/fbAQLP

exports[`RatingDots renders at all 1`] = `
<div
  aria-label={3}
>
  <div
    className="RatingDots-fullDot-2"
  >
    ●
  </div>
  <div
    className="RatingDots-fullDot-2"
  >
    ●
  </div>
  <div
    className="RatingDots-fullDot-2"
  >
    ●
  </div>
  <div
    className="RatingDots-emptyDot-1"
  >
    ○
  </div>
  <div
    className="RatingDots-emptyDot-1"
  >
    ○
  </div>
</div>
`;
