// Jest Snapshot v1, https://goo.gl/fbAQLP

exports[`RatingField renders at all 1`] = `
<div
  className="MuiFormControl-root-3 RatingField-field-1"
>
  <label
    className="MuiFormLabel-root-18 MuiFormLabel-filled-22 MuiInputLabel-root-7 MuiInputLabel-formControl-12 MuiInputLabel-animated-15 MuiInputLabel-shrink-14"
    data-shrink={true}
  >
    asdf
  </label>
  <div
    className="MuiInputBase-root-38 MuiInput-root-25 MuiInput-underline-29 MuiInputBase-formControl-39 MuiInput-formControl-26"
    onClick={[Function]}
  >
    <input
      aria-invalid={false}
      className="MuiInputBase-input-48 MuiInput-input-33 MuiInputBase-inputType-51 MuiInput-inputType-36"
      disabled={false}
      max={Infinity}
      min={0}
      name="asdf"
      onBlur={[Function]}
      onChange={[Function]}
      onFocus={[Function]}
      required={false}
      type="number"
      value={5}
    />
  </div>
</div>
`;
