// Jest Snapshot v1, https://goo.gl/fbAQLP

exports[`RatingField renders at all 1`] = `
<div
  className="MuiFormControl-root-3 RatingField-field-1"
>
  <label
    className="MuiFormLabel-root-12 MuiInputLabel-root-7 MuiInputLabel-formControl-8 MuiInputLabel-animated-11 MuiInputLabel-shrink-10"
    data-shrink={true}
  >
    asdf
  </label>
  <div
    className="MuiInput-root-17 MuiInput-formControl-18 MuiInput-underline-21"
  >
    <input
      aria-invalid={false}
      aria-required={false}
      className="MuiInput-input-25 MuiInput-inputType-28"
      disabled={false}
      max={Infinity}
      min={0}
      name="asdf"
      onBlur={[Function]}
      onChange={[Function]}
      onFocus={[Function]}
      type="number"
      value={5}
    />
  </div>
</div>
`;
